[0.002s][info][gc,init] CardTable entry size: 512
[0.002s][info][gc     ] Using G1
[0.010s][info][gc,init] Version: 21.0.5+11-LTS (release)
[0.010s][info][gc,init] CPUs: 8 total, 8 available
[0.010s][info][gc,init] Memory: 31820M
[0.010s][info][gc,init] Large Page Support: Disabled
[0.010s][info][gc,init] NUMA Support: Disabled
[0.010s][info][gc,init] Compressed Oops: Enabled (Zero based)
[0.010s][info][gc,init] Heap Region Size: 2M
[0.010s][info][gc,init] Heap Min Capacity: 4G
[0.010s][info][gc,init] Heap Initial Capacity: 4G
[0.010s][info][gc,init] Heap Max Capacity: 4G
[0.010s][info][gc,init] Pre-touch: Disabled
[0.010s][info][gc,init] Parallel Workers: 8
[0.010s][info][gc,init] Concurrent Workers: 2
[0.010s][info][gc,init] Concurrent Refinement Workers: 8
[0.010s][info][gc,init] Periodic GC: Disabled
[0.015s][info][gc,metaspace] CDS archive(s) mapped at: [0x00007f2467000000-0x00007f2467c97000-0x00007f2467c97000), size 13201408, SharedBaseAddress: 0x00007f2467000000, ArchiveRelocationMode: 1.
[0.015s][info][gc,metaspace] Compressed class space mapped at: 0x00007f2468000000-0x00007f24a8000000, reserved size: 1073741824
[0.015s][info][gc,metaspace] Narrow klass base: 0x00007f2467000000, Narrow klass shift: 0, Narrow klass range: 0x100000000
[0.082s][info][gc,heap,exit] Heap
[0.082s][info][gc,heap,exit]  garbage-first heap   total 4194304K, used 9265K [0x0000000700000000, 0x0000000800000000)
[0.082s][info][gc,heap,exit]   region size 2048K, 4 young (8192K), 0 survivors (0K)
[0.082s][info][gc,heap,exit]  Metaspace       used 1902K, committed 2048K, reserved 1114112K
[0.082s][info][gc,heap,exit]   class space    used 240K, committed 320K, reserved 1048576K
