[0.001s][info][gc,init] CardTable entry size: 512
[0.002s][info][gc     ] Using G1
[0.008s][info][gc,init] Version: 21.0.5+11-LTS (release)
[0.008s][info][gc,init] CPUs: 8 total, 8 available
[0.008s][info][gc,init] Memory: 31820M
[0.008s][info][gc,init] Large Page Support: Disabled
[0.008s][info][gc,init] NUMA Support: Disabled
[0.008s][info][gc,init] Compressed Oops: Enabled (Zero based)
[0.008s][info][gc,init] Heap Region Size: 2M
[0.008s][info][gc,init] Heap Min Capacity: 4G
[0.008s][info][gc,init] Heap Initial Capacity: 4G
[0.008s][info][gc,init] Heap Max Capacity: 4G
[0.008s][info][gc,init] Pre-touch: Disabled
[0.008s][info][gc,init] Parallel Workers: 8
[0.008s][info][gc,init] Concurrent Workers: 2
[0.008s][info][gc,init] Concurrent Refinement Workers: 8
[0.008s][info][gc,init] Periodic GC: Disabled
[0.012s][info][gc,metaspace] CDS archive(s) mapped at: [0x00007f6c93000000-0x00007f6c93c97000-0x00007f6c93c97000), size 13201408, SharedBaseAddress: 0x00007f6c93000000, ArchiveRelocationMode: 1.
[0.012s][info][gc,metaspace] Compressed class space mapped at: 0x00007f6c94000000-0x00007f6cd4000000, reserved size: 1073741824
[0.012s][info][gc,metaspace] Narrow klass base: 0x00007f6c93000000, Narrow klass shift: 0, Narrow klass range: 0x100000000
[0.446s][info][gc,start    ] GC(0) Pause Young (Concurrent Start) (GCLocker Initiated GC)
[0.447s][info][gc,task     ] GC(0) Using 8 workers of 8 for evacuation
[0.451s][info][gc,phases   ] GC(0)   Pre Evacuate Collection Set: 0.2ms
[0.451s][info][gc,phases   ] GC(0)   Merge Heap Roots: 0.1ms
[0.451s][info][gc,phases   ] GC(0)   Evacuate Collection Set: 3.5ms
[0.451s][info][gc,phases   ] GC(0)   Post Evacuate Collection Set: 0.4ms
[0.451s][info][gc,phases   ] GC(0)   Other: 0.5ms
[0.451s][info][gc,heap     ] GC(0) Eden regions: 40->0(98)
[0.451s][info][gc,heap     ] GC(0) Survivor regions: 0->4(13)
[0.451s][info][gc,heap     ] GC(0) Old regions: 1->1
[0.451s][info][gc,heap     ] GC(0) Humongous regions: 0->0
[0.451s][info][gc,metaspace] GC(0) Metaspace: 21271K(21568K)->21271K(21568K) NonClass: 18726K(18880K)->18726K(18880K) Class: 2544K(2688K)->2544K(2688K)
[0.451s][info][gc          ] GC(0) Pause Young (Concurrent Start) (GCLocker Initiated GC) 80M->8M(4096M) 4.819ms
[0.451s][info][gc,cpu      ] GC(0) User=0.02s Sys=0.00s Real=0.01s
[0.451s][info][gc          ] GC(1) Concurrent Mark Cycle
[0.451s][info][gc,marking  ] GC(1) Concurrent Scan Root Regions
[0.453s][info][gc,marking  ] GC(1) Concurrent Scan Root Regions 2.210ms
[0.453s][info][gc,marking  ] GC(1) Concurrent Mark
[0.453s][info][gc,marking  ] GC(1) Concurrent Mark From Roots
[0.453s][info][gc,task     ] GC(1) Using 2 workers of 2 for marking
[0.455s][info][gc,marking  ] GC(1) Concurrent Mark From Roots 2.086ms
[0.455s][info][gc,marking  ] GC(1) Concurrent Preclean
[0.455s][info][gc,marking  ] GC(1) Concurrent Preclean 0.008ms
[0.458s][info][gc,start    ] GC(1) Pause Remark
[0.459s][info][gc          ] GC(1) Pause Remark 13M->13M(4096M) 1.209ms
[0.459s][info][gc,cpu      ] GC(1) User=0.01s Sys=0.00s Real=0.00s
[0.459s][info][gc,marking  ] GC(1) Concurrent Mark 5.509ms
[0.459s][info][gc,marking  ] GC(1) Concurrent Rebuild Remembered Sets and Scrub Regions
[0.459s][info][gc,marking  ] GC(1) Concurrent Rebuild Remembered Sets and Scrub Regions 0.561ms
[0.460s][info][gc,start    ] GC(1) Pause Cleanup
[0.460s][info][gc          ] GC(1) Pause Cleanup 13M->13M(4096M) 0.189ms
[0.460s][info][gc,cpu      ] GC(1) User=0.00s Sys=0.00s Real=0.00s
[0.460s][info][gc,marking  ] GC(1) Concurrent Clear Claimed Marks
[0.460s][info][gc,marking  ] GC(1) Concurrent Clear Claimed Marks 0.029ms
[0.460s][info][gc,marking  ] GC(1) Concurrent Cleanup for Next Mark
[0.466s][info][gc,marking  ] GC(1) Concurrent Cleanup for Next Mark 6.324ms
[0.466s][info][gc          ] GC(1) Concurrent Mark Cycle 15.357ms
[0.734s][info][gc,start    ] GC(2) Pause Young (Prepare Mixed) (Metadata GC Threshold)
[0.734s][info][gc,task     ] GC(2) Using 8 workers of 8 for evacuation
[0.740s][info][gc,phases   ] GC(2)   Pre Evacuate Collection Set: 0.3ms
[0.740s][info][gc,phases   ] GC(2)   Merge Heap Roots: 0.0ms
[0.740s][info][gc,phases   ] GC(2)   Evacuate Collection Set: 4.6ms
[0.740s][info][gc,phases   ] GC(2)   Post Evacuate Collection Set: 0.6ms
[0.740s][info][gc,phases   ] GC(2)   Other: 0.0ms
[0.740s][info][gc,heap     ] GC(2) Eden regions: 31->0(95)
[0.740s][info][gc,heap     ] GC(2) Survivor regions: 4->7(13)
[0.740s][info][gc,heap     ] GC(2) Old regions: 1->1
[0.740s][info][gc,heap     ] GC(2) Humongous regions: 0->0
[0.740s][info][gc,metaspace] GC(2) Metaspace: 36092K(36416K)->36092K(36416K) NonClass: 31387K(31552K)->31387K(31552K) Class: 4705K(4864K)->4705K(4864K)
[0.740s][info][gc          ] GC(2) Pause Young (Prepare Mixed) (Metadata GC Threshold) 69M->13M(4096M) 5.674ms
[0.740s][info][gc,cpu      ] GC(2) User=0.03s Sys=0.01s Real=0.01s
[0.742s][info][gc,start    ] GC(3) Pause Young (Mixed) (Metadata GC Threshold)
[0.742s][info][gc,task     ] GC(3) Using 8 workers of 8 for evacuation
[0.748s][info][gc,phases   ] GC(3)   Pre Evacuate Collection Set: 0.2ms
[0.748s][info][gc,phases   ] GC(3)   Merge Heap Roots: 0.0ms
[0.748s][info][gc,phases   ] GC(3)   Evacuate Collection Set: 4.7ms
[0.748s][info][gc,phases   ] GC(3)   Post Evacuate Collection Set: 0.5ms
[0.748s][info][gc,phases   ] GC(3)   Other: 0.0ms
[0.748s][info][gc,heap     ] GC(3) Eden regions: 2->0(95)
[0.748s][info][gc,heap     ] GC(3) Survivor regions: 7->7(13)
[0.748s][info][gc,heap     ] GC(3) Old regions: 1->1
[0.748s][info][gc,heap     ] GC(3) Humongous regions: 0->0
[0.748s][info][gc,metaspace] GC(3) Metaspace: 36360K(36736K)->36360K(36736K) NonClass: 31630K(31808K)->31630K(31808K) Class: 4730K(4928K)->4730K(4928K)
[0.748s][info][gc          ] GC(3) Pause Young (Mixed) (Metadata GC Threshold) 17M->13M(4096M) 5.574ms
[0.748s][info][gc,cpu      ] GC(3) User=0.02s Sys=0.02s Real=0.01s
[0.753s][info][gc,start    ] GC(4) Pause Young (Concurrent Start) (Metadata GC Threshold)
[0.753s][info][gc,task     ] GC(4) Using 8 workers of 8 for evacuation
[0.758s][info][gc,phases   ] GC(4)   Pre Evacuate Collection Set: 0.2ms
[0.758s][info][gc,phases   ] GC(4)   Merge Heap Roots: 0.0ms
[0.758s][info][gc,phases   ] GC(4)   Evacuate Collection Set: 3.6ms
[0.758s][info][gc,phases   ] GC(4)   Post Evacuate Collection Set: 0.5ms
[0.758s][info][gc,phases   ] GC(4)   Other: 0.0ms
[0.758s][info][gc,heap     ] GC(4) Eden regions: 2->0(95)
[0.758s][info][gc,heap     ] GC(4) Survivor regions: 7->7(13)
[0.758s][info][gc,heap     ] GC(4) Old regions: 1->1
[0.758s][info][gc,heap     ] GC(4) Humongous regions: 0->0
[0.758s][info][gc,metaspace] GC(4) Metaspace: 36687K(37056K)->36687K(37056K) NonClass: 31885K(32064K)->31885K(32064K) Class: 4802K(4992K)->4802K(4992K)
[0.758s][info][gc          ] GC(4) Pause Young (Concurrent Start) (Metadata GC Threshold) 17M->13M(4096M) 4.596ms
[0.758s][info][gc,cpu      ] GC(4) User=0.04s Sys=0.00s Real=0.01s
[0.758s][info][gc          ] GC(5) Concurrent Mark Cycle
[0.758s][info][gc,marking  ] GC(5) Concurrent Scan Root Regions
[0.761s][info][gc,marking  ] GC(5) Concurrent Scan Root Regions 3.239ms
[0.761s][info][gc,marking  ] GC(5) Concurrent Mark
[0.761s][info][gc,marking  ] GC(5) Concurrent Mark From Roots
[0.761s][info][gc,task     ] GC(5) Using 2 workers of 2 for marking
[0.764s][info][gc,marking  ] GC(5) Concurrent Mark From Roots 2.631ms
[0.764s][info][gc,marking  ] GC(5) Concurrent Preclean
[0.764s][info][gc,marking  ] GC(5) Concurrent Preclean 0.011ms
[0.764s][info][gc,start    ] GC(5) Pause Remark
[0.765s][info][gc          ] GC(5) Pause Remark 17M->17M(4096M) 1.329ms
[0.765s][info][gc,cpu      ] GC(5) User=0.01s Sys=0.00s Real=0.00s
[0.766s][info][gc,marking  ] GC(5) Concurrent Mark 4.167ms
[0.766s][info][gc,marking  ] GC(5) Concurrent Rebuild Remembered Sets and Scrub Regions
[0.766s][info][gc,marking  ] GC(5) Concurrent Rebuild Remembered Sets and Scrub Regions 0.705ms
[0.766s][info][gc,start    ] GC(5) Pause Cleanup
[0.766s][info][gc          ] GC(5) Pause Cleanup 18M->18M(4096M) 0.147ms
[0.766s][info][gc,cpu      ] GC(5) User=0.00s Sys=0.00s Real=0.00s
[0.767s][info][gc,marking  ] GC(5) Concurrent Clear Claimed Marks
[0.767s][info][gc,marking  ] GC(5) Concurrent Clear Claimed Marks 0.029ms
[0.767s][info][gc,marking  ] GC(5) Concurrent Cleanup for Next Mark
[0.769s][info][gc,marking  ] GC(5) Concurrent Cleanup for Next Mark 2.164ms
[0.769s][info][gc          ] GC(5) Concurrent Mark Cycle 10.711ms
[1.951s][info][gc,start    ] GC(6) Pause Young (Concurrent Start) (Metadata GC Threshold)
[1.951s][info][gc,task     ] GC(6) Using 8 workers of 8 for evacuation
[1.968s][info][gc,phases   ] GC(6)   Pre Evacuate Collection Set: 0.3ms
[1.968s][info][gc,phases   ] GC(6)   Merge Heap Roots: 0.0ms
[1.968s][info][gc,phases   ] GC(6)   Evacuate Collection Set: 14.6ms
[1.968s][info][gc,phases   ] GC(6)   Post Evacuate Collection Set: 1.6ms
[1.968s][info][gc,phases   ] GC(6)   Other: 0.1ms
[1.968s][info][gc,heap     ] GC(6) Eden regions: 76->0(89)
[1.968s][info][gc,heap     ] GC(6) Survivor regions: 7->13(13)
[1.968s][info][gc,heap     ] GC(6) Old regions: 1->3
[1.968s][info][gc,heap     ] GC(6) Humongous regions: 2->2
[1.968s][info][gc,metaspace] GC(6) Metaspace: 61572K(62080K)->61572K(62080K) NonClass: 53280K(53568K)->53280K(53568K) Class: 8292K(8512K)->8292K(8512K)
[1.968s][info][gc          ] GC(6) Pause Young (Concurrent Start) (Metadata GC Threshold) 169M->34M(4096M) 16.651ms
[1.968s][info][gc          ] GC(7) Concurrent Mark Cycle
[1.968s][info][gc,cpu      ] GC(6) User=0.12s Sys=0.01s Real=0.02s
[1.968s][info][gc,marking  ] GC(7) Concurrent Scan Root Regions
[1.978s][info][gc,marking  ] GC(7) Concurrent Scan Root Regions 9.894ms
[1.978s][info][gc,marking  ] GC(7) Concurrent Mark
[1.978s][info][gc,marking  ] GC(7) Concurrent Mark From Roots
[1.978s][info][gc,task     ] GC(7) Using 2 workers of 2 for marking
[1.980s][info][gc,marking  ] GC(7) Concurrent Mark From Roots 1.836ms
[1.980s][info][gc,marking  ] GC(7) Concurrent Preclean
[1.980s][info][gc,marking  ] GC(7) Concurrent Preclean 0.009ms
[1.980s][info][gc,start    ] GC(7) Pause Remark
[1.983s][info][gc          ] GC(7) Pause Remark 40M->40M(4096M) 2.438ms
[1.983s][info][gc,cpu      ] GC(7) User=0.02s Sys=0.00s Real=0.00s
[1.983s][info][gc,marking  ] GC(7) Concurrent Mark 5.173ms
[1.983s][info][gc,marking  ] GC(7) Concurrent Rebuild Remembered Sets and Scrub Regions
[1.988s][info][gc,marking  ] GC(7) Concurrent Rebuild Remembered Sets and Scrub Regions 4.961ms
[1.988s][info][gc,start    ] GC(7) Pause Cleanup
[1.988s][info][gc          ] GC(7) Pause Cleanup 41M->41M(4096M) 0.160ms
[1.988s][info][gc,cpu      ] GC(7) User=0.01s Sys=0.00s Real=0.00s
[1.990s][info][gc,marking  ] GC(7) Concurrent Clear Claimed Marks
[1.990s][info][gc,marking  ] GC(7) Concurrent Clear Claimed Marks 0.058ms
[1.990s][info][gc,marking  ] GC(7) Concurrent Cleanup for Next Mark
[1.996s][info][gc,marking  ] GC(7) Concurrent Cleanup for Next Mark 6.088ms
[1.996s][info][gc          ] GC(7) Concurrent Mark Cycle 27.959ms
[3.128s][info][gc,start    ] GC(8) Pause Young (Normal) (G1 Evacuation Pause)
[3.128s][info][gc,task     ] GC(8) Using 8 workers of 8 for evacuation
[3.146s][info][gc,phases   ] GC(8)   Pre Evacuate Collection Set: 0.2ms
[3.146s][info][gc,phases   ] GC(8)   Merge Heap Roots: 0.1ms
[3.146s][info][gc,phases   ] GC(8)   Evacuate Collection Set: 15.5ms
[3.146s][info][gc,phases   ] GC(8)   Post Evacuate Collection Set: 1.8ms
[3.146s][info][gc,phases   ] GC(8)   Other: 0.1ms
[3.146s][info][gc,heap     ] GC(8) Eden regions: 89->0(114)
[3.146s][info][gc,heap     ] GC(8) Survivor regions: 13->5(13)
[3.146s][info][gc,heap     ] GC(8) Old regions: 3->16
[3.146s][info][gc,heap     ] GC(8) Humongous regions: 38->2
[3.146s][info][gc,metaspace] GC(8) Metaspace: 74167K(74752K)->74167K(74752K) NonClass: 64062K(64384K)->64062K(64384K) Class: 10105K(10368K)->10105K(10368K)
[3.146s][info][gc          ] GC(8) Pause Young (Normal) (G1 Evacuation Pause) 284M->45M(4096M) 17.712ms
[3.146s][info][gc,cpu      ] GC(8) User=0.13s Sys=0.00s Real=0.01s
[4.030s][info][gc,start    ] GC(9) Pause Young (Concurrent Start) (Metadata GC Threshold)
[4.030s][info][gc,task     ] GC(9) Using 8 workers of 8 for evacuation
[4.037s][info][gc,phases   ] GC(9)   Pre Evacuate Collection Set: 0.2ms
[4.038s][info][gc,phases   ] GC(9)   Merge Heap Roots: 0.0ms
[4.038s][info][gc,phases   ] GC(9)   Evacuate Collection Set: 6.3ms
[4.038s][info][gc,phases   ] GC(9)   Post Evacuate Collection Set: 0.6ms
[4.038s][info][gc,phases   ] GC(9)   Other: 0.0ms
[4.038s][info][gc,heap     ] GC(9) Eden regions: 73->0(231)
[4.038s][info][gc,heap     ] GC(9) Survivor regions: 5->9(20)
[4.038s][info][gc,heap     ] GC(9) Old regions: 16->16
[4.038s][info][gc,heap     ] GC(9) Humongous regions: 6->2
[4.038s][info][gc,metaspace] GC(9) Metaspace: 102856K(103616K)->102856K(103616K) NonClass: 89053K(89472K)->89053K(89472K) Class: 13802K(14144K)->13802K(14144K)
[4.038s][info][gc          ] GC(9) Pause Young (Concurrent Start) (Metadata GC Threshold) 199M->53M(4096M) 7.364ms
[4.038s][info][gc          ] GC(10) Concurrent Mark Cycle
[4.038s][info][gc,cpu      ] GC(9) User=0.05s Sys=0.00s Real=0.01s
[4.038s][info][gc,marking  ] GC(10) Concurrent Scan Root Regions
[4.045s][info][gc,marking  ] GC(10) Concurrent Scan Root Regions 7.669ms
[4.045s][info][gc,marking  ] GC(10) Concurrent Mark
[4.045s][info][gc,marking  ] GC(10) Concurrent Mark From Roots
[4.045s][info][gc,task     ] GC(10) Using 2 workers of 2 for marking
[4.071s][info][gc,marking  ] GC(10) Concurrent Mark From Roots 25.893ms
[4.071s][info][gc,marking  ] GC(10) Concurrent Preclean
[4.071s][info][gc,marking  ] GC(10) Concurrent Preclean 0.162ms
[4.072s][info][gc,start    ] GC(10) Pause Remark
[4.079s][info][gc          ] GC(10) Pause Remark 66M->66M(4096M) 7.266ms
[4.079s][info][gc,cpu      ] GC(10) User=0.04s Sys=0.00s Real=0.01s
[4.079s][info][gc,marking  ] GC(10) Concurrent Mark 34.037ms
[4.079s][info][gc,marking  ] GC(10) Concurrent Rebuild Remembered Sets and Scrub Regions
[4.092s][info][gc,marking  ] GC(10) Concurrent Rebuild Remembered Sets and Scrub Regions 12.630ms
[4.092s][info][gc,start    ] GC(10) Pause Cleanup
[4.092s][info][gc          ] GC(10) Pause Cleanup 71M->71M(4096M) 0.264ms
[4.092s][info][gc,cpu      ] GC(10) User=0.01s Sys=0.00s Real=0.00s
[4.093s][info][gc,marking  ] GC(10) Concurrent Clear Claimed Marks
[4.093s][info][gc,marking  ] GC(10) Concurrent Clear Claimed Marks 0.072ms
[4.093s][info][gc,marking  ] GC(10) Concurrent Cleanup for Next Mark
[4.095s][info][gc,marking  ] GC(10) Concurrent Cleanup for Next Mark 2.665ms
[4.095s][info][gc          ] GC(10) Concurrent Mark Cycle 57.704ms
[7.687s][info][gc,start    ] GC(11) Pause Young (Concurrent Start) (CodeCache GC Threshold)
[7.687s][info][gc,task     ] GC(11) Using 8 workers of 8 for evacuation
[7.715s][info][gc,phases   ] GC(11)   Pre Evacuate Collection Set: 0.3ms
[7.715s][info][gc,phases   ] GC(11)   Merge Heap Roots: 0.0ms
[7.715s][info][gc,phases   ] GC(11)   Evacuate Collection Set: 24.0ms
[7.715s][info][gc,phases   ] GC(11)   Post Evacuate Collection Set: 3.6ms
[7.715s][info][gc,phases   ] GC(11)   Other: 0.1ms
[7.715s][info][gc,heap     ] GC(11) Eden regions: 111->0(118)
[7.715s][info][gc,heap     ] GC(11) Survivor regions: 9->29(31)
[7.715s][info][gc,heap     ] GC(11) Old regions: 16->16
[7.715s][info][gc,heap     ] GC(11) Humongous regions: 3->3
[7.715s][info][gc,metaspace] GC(11) Metaspace: 132384K(133376K)->132384K(133376K) NonClass: 115088K(115648K)->115088K(115648K) Class: 17295K(17728K)->17295K(17728K)
[7.715s][info][gc          ] GC(11) Pause Young (Concurrent Start) (CodeCache GC Threshold) 276M->95M(4096M) 28.126ms
[7.715s][info][gc          ] GC(12) Concurrent Mark Cycle
[7.715s][info][gc,cpu      ] GC(11) User=0.19s Sys=0.01s Real=0.03s
[7.715s][info][gc,marking  ] GC(12) Concurrent Scan Root Regions
[7.738s][info][gc,marking  ] GC(12) Concurrent Scan Root Regions 22.443ms
[7.738s][info][gc,marking  ] GC(12) Concurrent Mark
[7.738s][info][gc,marking  ] GC(12) Concurrent Mark From Roots
[7.738s][info][gc,task     ] GC(12) Using 2 workers of 2 for marking
[7.766s][info][gc,marking  ] GC(12) Concurrent Mark From Roots 28.274ms
[7.766s][info][gc,marking  ] GC(12) Concurrent Preclean
[7.766s][info][gc,marking  ] GC(12) Concurrent Preclean 0.162ms
[7.766s][info][gc,start    ] GC(12) Pause Remark
[7.774s][info][gc          ] GC(12) Pause Remark 101M->101M(4096M) 7.152ms
[7.774s][info][gc,cpu      ] GC(12) User=0.05s Sys=0.00s Real=0.01s
[7.774s][info][gc,marking  ] GC(12) Concurrent Mark 35.926ms
[7.774s][info][gc,marking  ] GC(12) Concurrent Rebuild Remembered Sets and Scrub Regions
[7.787s][info][gc,marking  ] GC(12) Concurrent Rebuild Remembered Sets and Scrub Regions 13.562ms
[7.787s][info][gc,start    ] GC(12) Pause Cleanup
[7.788s][info][gc          ] GC(12) Pause Cleanup 101M->101M(4096M) 0.232ms
[7.788s][info][gc,cpu      ] GC(12) User=0.00s Sys=0.00s Real=0.00s
[7.788s][info][gc,marking  ] GC(12) Concurrent Clear Claimed Marks
[7.788s][info][gc,marking  ] GC(12) Concurrent Clear Claimed Marks 0.076ms
[7.788s][info][gc,marking  ] GC(12) Concurrent Cleanup for Next Mark
[7.790s][info][gc,marking  ] GC(12) Concurrent Cleanup for Next Mark 1.894ms
[7.790s][info][gc          ] GC(12) Concurrent Mark Cycle 74.498ms
[9.841s][info][gc,start    ] GC(13) Pause Young (Prepare Mixed) (G1 Evacuation Pause)
[9.841s][info][gc,task     ] GC(13) Using 8 workers of 8 for evacuation
[9.873s][info][gc,phases   ] GC(13)   Pre Evacuate Collection Set: 0.3ms
[9.873s][info][gc,phases   ] GC(13)   Merge Heap Roots: 0.1ms
[9.873s][info][gc,phases   ] GC(13)   Evacuate Collection Set: 28.0ms
[9.873s][info][gc,phases   ] GC(13)   Post Evacuate Collection Set: 3.5ms
[9.873s][info][gc,phases   ] GC(13)   Other: 0.1ms
[9.873s][info][gc,heap     ] GC(13) Eden regions: 119->0(1199)
[9.873s][info][gc,heap     ] GC(13) Survivor regions: 29->15(19)
[9.873s][info][gc,heap     ] GC(13) Old regions: 16->35
[9.873s][info][gc,heap     ] GC(13) Humongous regions: 7->3
[9.873s][info][gc,metaspace] GC(13) Metaspace: 145015K(146048K)->145015K(146048K) NonClass: 126061K(126656K)->126061K(126656K) Class: 18954K(19392K)->18954K(19392K)
[9.873s][info][gc          ] GC(13) Pause Young (Prepare Mixed) (G1 Evacuation Pause) 341M->104M(4096M) 31.991ms
[9.873s][info][gc,cpu      ] GC(13) User=0.23s Sys=0.00s Real=0.03s
[12.228s][info][gc,heap,exit] Heap
[12.228s][info][gc,heap,exit]  garbage-first heap   total 4194304K, used 630808K [0x0000000700000000, 0x0000000800000000)
[12.228s][info][gc,heap,exit]   region size 2048K, 271 young (555008K), 15 survivors (30720K)
[12.228s][info][gc,heap,exit]  Metaspace       used 156639K, committed 157696K, reserved 1245184K
[12.228s][info][gc,heap,exit]   class space    used 20321K, committed 20736K, reserved 1048576K
