[0.002s][info][gc,init] CardTable entry size: 512
[0.002s][info][gc     ] Using G1
[0.007s][info][gc,init] Version: 21.0.5+11-LTS (release)
[0.007s][info][gc,init] CPUs: 8 total, 8 available
[0.007s][info][gc,init] Memory: 31820M
[0.007s][info][gc,init] Large Page Support: Disabled
[0.007s][info][gc,init] NUMA Support: Disabled
[0.007s][info][gc,init] Compressed Oops: Enabled (Zero based)
[0.007s][info][gc,init] Heap Region Size: 2M
[0.007s][info][gc,init] Heap Min Capacity: 4G
[0.007s][info][gc,init] Heap Initial Capacity: 4G
[0.007s][info][gc,init] Heap Max Capacity: 4G
[0.007s][info][gc,init] Pre-touch: Disabled
[0.007s][info][gc,init] Parallel Workers: 8
[0.007s][info][gc,init] Concurrent Workers: 2
[0.007s][info][gc,init] Concurrent Refinement Workers: 8
[0.007s][info][gc,init] Periodic GC: Disabled
[0.012s][info][gc,metaspace] CDS archive(s) mapped at: [0x00007f29ff000000-0x00007f29ffc97000-0x00007f29ffc97000), size 13201408, SharedBaseAddress: 0x00007f29ff000000, ArchiveRelocationMode: 1.
[0.012s][info][gc,metaspace] Compressed class space mapped at: 0x00007f2a00000000-0x00007f2a40000000, reserved size: 1073741824
[0.012s][info][gc,metaspace] Narrow klass base: 0x00007f29ff000000, Narrow klass shift: 0, Narrow klass range: 0x100000000
[0.445s][info][gc,start    ] GC(0) Pause Young (Concurrent Start) (Metadata GC Threshold)
[0.445s][info][gc,task     ] GC(0) Using 8 workers of 8 for evacuation
[0.450s][info][gc,phases   ] GC(0)   Pre Evacuate Collection Set: 0.3ms
[0.450s][info][gc,phases   ] GC(0)   Merge Heap Roots: 0.1ms
[0.450s][info][gc,phases   ] GC(0)   Evacuate Collection Set: 3.9ms
[0.450s][info][gc,phases   ] GC(0)   Post Evacuate Collection Set: 0.5ms
[0.450s][info][gc,phases   ] GC(0)   Other: 0.4ms
[0.450s][info][gc,heap     ] GC(0) Eden regions: 40->0(98)
[0.450s][info][gc,heap     ] GC(0) Survivor regions: 0->4(13)
[0.450s][info][gc,heap     ] GC(0) Old regions: 1->1
[0.450s][info][gc,heap     ] GC(0) Humongous regions: 0->0
[0.450s][info][gc,metaspace] GC(0) Metaspace: 21266K(21504K)->21266K(21504K) NonClass: 18694K(18816K)->18694K(18816K) Class: 2572K(2688K)->2572K(2688K)
[0.450s][info][gc          ] GC(0) Pause Young (Concurrent Start) (Metadata GC Threshold) 80M->8M(4096M) 5.344ms
[0.450s][info][gc,cpu      ] GC(0) User=0.01s Sys=0.00s Real=0.01s
[0.450s][info][gc          ] GC(1) Concurrent Mark Cycle
[0.450s][info][gc,marking  ] GC(1) Concurrent Scan Root Regions
[0.452s][info][gc,marking  ] GC(1) Concurrent Scan Root Regions 1.858ms
[0.452s][info][gc,marking  ] GC(1) Concurrent Mark
[0.452s][info][gc,marking  ] GC(1) Concurrent Mark From Roots
[0.452s][info][gc,task     ] GC(1) Using 2 workers of 2 for marking
[0.455s][info][gc,marking  ] GC(1) Concurrent Mark From Roots 2.843ms
[0.455s][info][gc,marking  ] GC(1) Concurrent Preclean
[0.455s][info][gc,marking  ] GC(1) Concurrent Preclean 0.011ms
[0.455s][info][gc,start    ] GC(1) Pause Remark
[0.457s][info][gc          ] GC(1) Pause Remark 12M->12M(4096M) 1.757ms
[0.457s][info][gc,cpu      ] GC(1) User=0.00s Sys=0.00s Real=0.00s
[0.457s][info][gc,marking  ] GC(1) Concurrent Mark 4.827ms
[0.457s][info][gc,marking  ] GC(1) Concurrent Rebuild Remembered Sets and Scrub Regions
[0.457s][info][gc,marking  ] GC(1) Concurrent Rebuild Remembered Sets and Scrub Regions 0.511ms
[0.457s][info][gc,start    ] GC(1) Pause Cleanup
[0.457s][info][gc          ] GC(1) Pause Cleanup 13M->13M(4096M) 0.173ms
[0.457s][info][gc,cpu      ] GC(1) User=0.00s Sys=0.00s Real=0.00s
[0.457s][info][gc,marking  ] GC(1) Concurrent Clear Claimed Marks
[0.457s][info][gc,marking  ] GC(1) Concurrent Clear Claimed Marks 0.010ms
[0.457s][info][gc,marking  ] GC(1) Concurrent Cleanup for Next Mark
[0.465s][info][gc,marking  ] GC(1) Concurrent Cleanup for Next Mark 7.213ms
[0.465s][info][gc          ] GC(1) Concurrent Mark Cycle 14.837ms
[0.739s][info][gc,start    ] GC(2) Pause Young (Prepare Mixed) (Metadata GC Threshold)
[0.739s][info][gc,task     ] GC(2) Using 8 workers of 8 for evacuation
[0.743s][info][gc,phases   ] GC(2)   Pre Evacuate Collection Set: 0.2ms
[0.743s][info][gc,phases   ] GC(2)   Merge Heap Roots: 0.0ms
[0.743s][info][gc,phases   ] GC(2)   Evacuate Collection Set: 3.6ms
[0.743s][info][gc,phases   ] GC(2)   Post Evacuate Collection Set: 0.6ms
[0.743s][info][gc,phases   ] GC(2)   Other: 0.0ms
[0.743s][info][gc,heap     ] GC(2) Eden regions: 30->0(96)
[0.743s][info][gc,heap     ] GC(2) Survivor regions: 4->6(13)
[0.743s][info][gc,heap     ] GC(2) Old regions: 1->1
[0.743s][info][gc,heap     ] GC(2) Humongous regions: 0->0
[0.743s][info][gc,metaspace] GC(2) Metaspace: 36121K(36416K)->36121K(36416K) NonClass: 31432K(31552K)->31432K(31552K) Class: 4689K(4864K)->4689K(4864K)
[0.743s][info][gc          ] GC(2) Pause Young (Prepare Mixed) (Metadata GC Threshold) 68M->12M(4096M) 4.658ms
[0.743s][info][gc,cpu      ] GC(2) User=0.03s Sys=0.00s Real=0.00s
[0.748s][info][gc,start    ] GC(3) Pause Young (Mixed) (Metadata GC Threshold)
[0.748s][info][gc,task     ] GC(3) Using 8 workers of 8 for evacuation
[0.754s][info][gc,phases   ] GC(3)   Pre Evacuate Collection Set: 0.2ms
[0.754s][info][gc,phases   ] GC(3)   Merge Heap Roots: 0.0ms
[0.754s][info][gc,phases   ] GC(3)   Evacuate Collection Set: 5.3ms
[0.754s][info][gc,phases   ] GC(3)   Post Evacuate Collection Set: 0.5ms
[0.754s][info][gc,phases   ] GC(3)   Other: 0.0ms
[0.754s][info][gc,heap     ] GC(3) Eden regions: 3->0(96)
[0.754s][info][gc,heap     ] GC(3) Survivor regions: 6->6(13)
[0.754s][info][gc,heap     ] GC(3) Old regions: 1->1
[0.754s][info][gc,heap     ] GC(3) Humongous regions: 0->0
[0.754s][info][gc,metaspace] GC(3) Metaspace: 36428K(36736K)->36428K(36736K) NonClass: 31685K(31808K)->31685K(31808K) Class: 4742K(4928K)->4742K(4928K)
[0.754s][info][gc          ] GC(3) Pause Young (Mixed) (Metadata GC Threshold) 17M->13M(4096M) 6.325ms
[0.754s][info][gc,cpu      ] GC(3) User=0.05s Sys=0.00s Real=0.01s
[0.757s][info][gc,start    ] GC(4) Pause Young (Concurrent Start) (Metadata GC Threshold)
[0.757s][info][gc,task     ] GC(4) Using 8 workers of 8 for evacuation
[0.761s][info][gc,phases   ] GC(4)   Pre Evacuate Collection Set: 0.3ms
[0.762s][info][gc,phases   ] GC(4)   Merge Heap Roots: 0.0ms
[0.762s][info][gc,phases   ] GC(4)   Evacuate Collection Set: 3.9ms
[0.762s][info][gc,phases   ] GC(4)   Post Evacuate Collection Set: 0.4ms
[0.762s][info][gc,phases   ] GC(4)   Other: 0.0ms
[0.762s][info][gc,heap     ] GC(4) Eden regions: 3->0(95)
[0.762s][info][gc,heap     ] GC(4) Survivor regions: 6->7(13)
[0.762s][info][gc,heap     ] GC(4) Old regions: 1->1
[0.762s][info][gc,heap     ] GC(4) Humongous regions: 0->0
[0.762s][info][gc,metaspace] GC(4) Metaspace: 36625K(37056K)->36625K(37056K) NonClass: 31866K(32064K)->31866K(32064K) Class: 4759K(4992K)->4759K(4992K)
[0.762s][info][gc          ] GC(4) Pause Young (Concurrent Start) (Metadata GC Threshold) 17M->13M(4096M) 4.794ms
[0.762s][info][gc,cpu      ] GC(4) User=0.03s Sys=0.00s Real=0.00s
[0.762s][info][gc          ] GC(5) Concurrent Mark Cycle
[0.762s][info][gc,marking  ] GC(5) Concurrent Scan Root Regions
[0.765s][info][gc,marking  ] GC(5) Concurrent Scan Root Regions 3.155ms
[0.765s][info][gc,marking  ] GC(5) Concurrent Mark
[0.765s][info][gc,marking  ] GC(5) Concurrent Mark From Roots
[0.765s][info][gc,task     ] GC(5) Using 2 workers of 2 for marking
[0.767s][info][gc,marking  ] GC(5) Concurrent Mark From Roots 2.132ms
[0.767s][info][gc,marking  ] GC(5) Concurrent Preclean
[0.767s][info][gc,marking  ] GC(5) Concurrent Preclean 0.012ms
[0.767s][info][gc,start    ] GC(5) Pause Remark
[0.768s][info][gc          ] GC(5) Pause Remark 17M->17M(4096M) 1.355ms
[0.769s][info][gc,cpu      ] GC(5) User=0.00s Sys=0.00s Real=0.00s
[0.769s][info][gc,marking  ] GC(5) Concurrent Mark 3.688ms
[0.769s][info][gc,marking  ] GC(5) Concurrent Rebuild Remembered Sets and Scrub Regions
[0.769s][info][gc,marking  ] GC(5) Concurrent Rebuild Remembered Sets and Scrub Regions 0.723ms
[0.769s][info][gc,start    ] GC(5) Pause Cleanup
[0.770s][info][gc          ] GC(5) Pause Cleanup 17M->17M(4096M) 0.161ms
[0.770s][info][gc,cpu      ] GC(5) User=0.00s Sys=0.00s Real=0.00s
[0.770s][info][gc,marking  ] GC(5) Concurrent Clear Claimed Marks
[0.770s][info][gc,marking  ] GC(5) Concurrent Clear Claimed Marks 0.035ms
[0.770s][info][gc,marking  ] GC(5) Concurrent Cleanup for Next Mark
[0.773s][info][gc,marking  ] GC(5) Concurrent Cleanup for Next Mark 3.246ms
[0.773s][info][gc          ] GC(5) Concurrent Mark Cycle 11.304ms
[1.986s][info][gc,start    ] GC(6) Pause Young (Concurrent Start) (Metadata GC Threshold)
[1.986s][info][gc,task     ] GC(6) Using 8 workers of 8 for evacuation
[2.003s][info][gc,phases   ] GC(6)   Pre Evacuate Collection Set: 0.3ms
[2.003s][info][gc,phases   ] GC(6)   Merge Heap Roots: 0.0ms
[2.003s][info][gc,phases   ] GC(6)   Evacuate Collection Set: 14.6ms
[2.003s][info][gc,phases   ] GC(6)   Post Evacuate Collection Set: 1.6ms
[2.003s][info][gc,phases   ] GC(6)   Other: 0.1ms
[2.003s][info][gc,heap     ] GC(6) Eden regions: 76->0(89)
[2.003s][info][gc,heap     ] GC(6) Survivor regions: 7->13(13)
[2.003s][info][gc,heap     ] GC(6) Old regions: 1->3
[2.003s][info][gc,heap     ] GC(6) Humongous regions: 2->2
[2.003s][info][gc,metaspace] GC(6) Metaspace: 61700K(62208K)->61700K(62208K) NonClass: 53386K(53632K)->53386K(53632K) Class: 8314K(8576K)->8314K(8576K)
[2.003s][info][gc          ] GC(6) Pause Young (Concurrent Start) (Metadata GC Threshold) 168M->34M(4096M) 16.752ms
[2.003s][info][gc          ] GC(7) Concurrent Mark Cycle
[2.003s][info][gc,cpu      ] GC(6) User=0.11s Sys=0.01s Real=0.01s
[2.003s][info][gc,marking  ] GC(7) Concurrent Scan Root Regions
[2.014s][info][gc,marking  ] GC(7) Concurrent Scan Root Regions 11.307ms
[2.014s][info][gc,marking  ] GC(7) Concurrent Mark
[2.014s][info][gc,marking  ] GC(7) Concurrent Mark From Roots
[2.014s][info][gc,task     ] GC(7) Using 2 workers of 2 for marking
[2.016s][info][gc,marking  ] GC(7) Concurrent Mark From Roots 1.850ms
[2.016s][info][gc,marking  ] GC(7) Concurrent Preclean
[2.016s][info][gc,marking  ] GC(7) Concurrent Preclean 0.010ms
[2.016s][info][gc,start    ] GC(7) Pause Remark
[2.019s][info][gc          ] GC(7) Pause Remark 39M->39M(4096M) 2.414ms
[2.019s][info][gc,cpu      ] GC(7) User=0.02s Sys=0.00s Real=0.00s
[2.019s][info][gc,marking  ] GC(7) Concurrent Mark 4.486ms
[2.019s][info][gc,marking  ] GC(7) Concurrent Rebuild Remembered Sets and Scrub Regions
[2.030s][info][gc,marking  ] GC(7) Concurrent Rebuild Remembered Sets and Scrub Regions 11.423ms
[2.031s][info][gc,start    ] GC(7) Pause Cleanup
[2.031s][info][gc          ] GC(7) Pause Cleanup 41M->41M(4096M) 0.198ms
[2.031s][info][gc,cpu      ] GC(7) User=0.00s Sys=0.00s Real=0.00s
[2.031s][info][gc,marking  ] GC(7) Concurrent Clear Claimed Marks
[2.031s][info][gc,marking  ] GC(7) Concurrent Clear Claimed Marks 0.034ms
[2.031s][info][gc,marking  ] GC(7) Concurrent Cleanup for Next Mark
[2.032s][info][gc,marking  ] GC(7) Concurrent Cleanup for Next Mark 1.629ms
[2.032s][info][gc          ] GC(7) Concurrent Mark Cycle 29.411ms
[3.134s][info][gc,start    ] GC(8) Pause Young (Normal) (G1 Evacuation Pause)
[3.134s][info][gc,task     ] GC(8) Using 8 workers of 8 for evacuation
[3.151s][info][gc,phases   ] GC(8)   Pre Evacuate Collection Set: 0.2ms
[3.151s][info][gc,phases   ] GC(8)   Merge Heap Roots: 0.1ms
[3.151s][info][gc,phases   ] GC(8)   Evacuate Collection Set: 14.8ms
[3.151s][info][gc,phases   ] GC(8)   Post Evacuate Collection Set: 1.8ms
[3.151s][info][gc,phases   ] GC(8)   Other: 0.0ms
[3.151s][info][gc,heap     ] GC(8) Eden regions: 89->0(168)
[3.151s][info][gc,heap     ] GC(8) Survivor regions: 13->4(13)
[3.151s][info][gc,heap     ] GC(8) Old regions: 3->16
[3.151s][info][gc,heap     ] GC(8) Humongous regions: 38->2
[3.151s][info][gc,metaspace] GC(8) Metaspace: 74405K(75008K)->74405K(75008K) NonClass: 64236K(64576K)->64236K(64576K) Class: 10168K(10432K)->10168K(10432K)
[3.151s][info][gc          ] GC(8) Pause Young (Normal) (G1 Evacuation Pause) 284M->42M(4096M) 17.073ms
[3.151s][info][gc,cpu      ] GC(8) User=0.08s Sys=0.03s Real=0.01s
[4.063s][info][gc,start    ] GC(9) Pause Young (Concurrent Start) (Metadata GC Threshold)
[4.063s][info][gc,task     ] GC(9) Using 8 workers of 8 for evacuation
[4.074s][info][gc,phases   ] GC(9)   Pre Evacuate Collection Set: 0.3ms
[4.074s][info][gc,phases   ] GC(9)   Merge Heap Roots: 0.1ms
[4.074s][info][gc,phases   ] GC(9)   Evacuate Collection Set: 10.0ms
[4.074s][info][gc,phases   ] GC(9)   Post Evacuate Collection Set: 0.7ms
[4.074s][info][gc,phases   ] GC(9)   Other: 0.1ms
[4.074s][info][gc,heap     ] GC(9) Eden regions: 86->0(157)
[4.074s][info][gc,heap     ] GC(9) Survivor regions: 4->16(42)
[4.074s][info][gc,heap     ] GC(9) Old regions: 16->16
[4.074s][info][gc,heap     ] GC(9) Humongous regions: 6->2
[4.074s][info][gc,metaspace] GC(9) Metaspace: 103137K(103808K)->103137K(103808K) NonClass: 89275K(89664K)->89275K(89664K) Class: 13861K(14144K)->13861K(14144K)
[4.074s][info][gc          ] GC(9) Pause Young (Concurrent Start) (Metadata GC Threshold) 222M->65M(4096M) 11.408ms
[4.074s][info][gc          ] GC(10) Concurrent Mark Cycle
[4.074s][info][gc,cpu      ] GC(9) User=0.08s Sys=0.01s Real=0.02s
[4.074s][info][gc,marking  ] GC(10) Concurrent Scan Root Regions
[4.084s][info][gc,marking  ] GC(10) Concurrent Scan Root Regions 9.684ms
[4.084s][info][gc,marking  ] GC(10) Concurrent Mark
[4.084s][info][gc,marking  ] GC(10) Concurrent Mark From Roots
[4.084s][info][gc,task     ] GC(10) Using 2 workers of 2 for marking
[4.098s][info][gc,marking  ] GC(10) Concurrent Mark From Roots 14.430ms
[4.098s][info][gc,marking  ] GC(10) Concurrent Preclean
[4.098s][info][gc,marking  ] GC(10) Concurrent Preclean 0.106ms
[4.098s][info][gc,start    ] GC(10) Pause Remark
[4.105s][info][gc          ] GC(10) Pause Remark 72M->72M(4096M) 6.607ms
[4.105s][info][gc,cpu      ] GC(10) User=0.04s Sys=0.00s Real=0.00s
[4.105s][info][gc,marking  ] GC(10) Concurrent Mark 21.397ms
[4.105s][info][gc,marking  ] GC(10) Concurrent Rebuild Remembered Sets and Scrub Regions
[4.118s][info][gc,marking  ] GC(10) Concurrent Rebuild Remembered Sets and Scrub Regions 12.708ms
[4.118s][info][gc,start    ] GC(10) Pause Cleanup
[4.118s][info][gc          ] GC(10) Pause Cleanup 73M->73M(4096M) 0.180ms
[4.118s][info][gc,cpu      ] GC(10) User=0.00s Sys=0.00s Real=0.00s
[4.118s][info][gc,marking  ] GC(10) Concurrent Clear Claimed Marks
[4.118s][info][gc,marking  ] GC(10) Concurrent Clear Claimed Marks 0.051ms
[4.118s][info][gc,marking  ] GC(10) Concurrent Cleanup for Next Mark
[4.120s][info][gc,marking  ] GC(10) Concurrent Cleanup for Next Mark 1.614ms
[4.120s][info][gc          ] GC(10) Concurrent Mark Cycle 46.007ms
[8.050s][info][gc,start    ] GC(11) Pause Young (Prepare Mixed) (G1 Evacuation Pause)
[8.050s][info][gc,task     ] GC(11) Using 8 workers of 8 for evacuation
[8.083s][info][gc,phases   ] GC(11)   Pre Evacuate Collection Set: 0.3ms
[8.083s][info][gc,phases   ] GC(11)   Merge Heap Roots: 0.1ms
[8.083s][info][gc,phases   ] GC(11)   Evacuate Collection Set: 28.3ms
[8.083s][info][gc,phases   ] GC(11)   Post Evacuate Collection Set: 4.5ms
[8.083s][info][gc,phases   ] GC(11)   Other: 0.1ms
[8.083s][info][gc,heap     ] GC(11) Eden regions: 186->0(98)
[8.083s][info][gc,heap     ] GC(11) Survivor regions: 16->26(26)
[8.083s][info][gc,heap     ] GC(11) Old regions: 16->20
[8.083s][info][gc,heap     ] GC(11) Humongous regions: 7->3
[8.083s][info][gc,metaspace] GC(11) Metaspace: 140720K(141696K)->140720K(141696K) NonClass: 122197K(122752K)->122197K(122752K) Class: 18523K(18944K)->18523K(18944K)
[8.083s][info][gc          ] GC(11) Pause Young (Prepare Mixed) (G1 Evacuation Pause) 447M->97M(4096M) 33.484ms
[8.083s][info][gc,cpu      ] GC(11) User=0.21s Sys=0.02s Real=0.03s
[8.264s][info][gc,start    ] GC(12) Pause Young (Concurrent Start) (CodeCache GC Threshold)
[8.264s][info][gc,task     ] GC(12) Using 8 workers of 8 for evacuation
[8.284s][info][gc,phases   ] GC(12)   Pre Evacuate Collection Set: 0.2ms
[8.284s][info][gc,phases   ] GC(12)   Merge Heap Roots: 0.1ms
[8.284s][info][gc,phases   ] GC(12)   Evacuate Collection Set: 18.0ms
[8.284s][info][gc,phases   ] GC(12)   Post Evacuate Collection Set: 1.8ms
[8.284s][info][gc,phases   ] GC(12)   Other: 0.0ms
[8.284s][info][gc,heap     ] GC(12) Eden regions: 15->0(1224)
[8.284s][info][gc,heap     ] GC(12) Survivor regions: 26->4(15)
[8.284s][info][gc,heap     ] GC(12) Old regions: 20->47
[8.284s][info][gc,heap     ] GC(12) Humongous regions: 3->3
[8.284s][info][gc,metaspace] GC(12) Metaspace: 140850K(141824K)->140850K(141824K) NonClass: 122326K(122880K)->122326K(122880K) Class: 18524K(18944K)->18524K(18944K)
[8.284s][info][gc          ] GC(12) Pause Young (Concurrent Start) (CodeCache GC Threshold) 126M->106M(4096M) 20.282ms
[8.284s][info][gc          ] GC(13) Concurrent Mark Cycle
[8.284s][info][gc,cpu      ] GC(12) User=0.16s Sys=0.00s Real=0.02s
[8.284s][info][gc,marking  ] GC(13) Concurrent Scan Root Regions
[8.303s][info][gc,marking  ] GC(13) Concurrent Scan Root Regions 18.492ms
[8.303s][info][gc,marking  ] GC(13) Concurrent Mark
[8.303s][info][gc,marking  ] GC(13) Concurrent Mark From Roots
[8.303s][info][gc,task     ] GC(13) Using 2 workers of 2 for marking
[8.336s][info][gc,marking  ] GC(13) Concurrent Mark From Roots 33.630ms
[8.336s][info][gc,marking  ] GC(13) Concurrent Preclean
[8.336s][info][gc,marking  ] GC(13) Concurrent Preclean 0.190ms
[8.337s][info][gc,start    ] GC(13) Pause Remark
[8.347s][info][gc          ] GC(13) Pause Remark 114M->114M(4096M) 9.994ms
[8.347s][info][gc,cpu      ] GC(13) User=0.08s Sys=0.00s Real=0.01s
[8.347s][info][gc,marking  ] GC(13) Concurrent Mark 44.055ms
[8.347s][info][gc,marking  ] GC(13) Concurrent Rebuild Remembered Sets and Scrub Regions
[8.388s][info][gc,marking  ] GC(13) Concurrent Rebuild Remembered Sets and Scrub Regions 40.934ms
[8.388s][info][gc,start    ] GC(13) Pause Cleanup
[8.388s][info][gc          ] GC(13) Pause Cleanup 120M->120M(4096M) 0.243ms
[8.388s][info][gc,cpu      ] GC(13) User=0.00s Sys=0.00s Real=0.00s
[8.388s][info][gc,marking  ] GC(13) Concurrent Clear Claimed Marks
[8.388s][info][gc,marking  ] GC(13) Concurrent Clear Claimed Marks 0.086ms
[8.388s][info][gc,marking  ] GC(13) Concurrent Cleanup for Next Mark
[8.390s][info][gc,marking  ] GC(13) Concurrent Cleanup for Next Mark 1.762ms
[8.390s][info][gc          ] GC(13) Concurrent Mark Cycle 106.127ms
[10.167s][info][gc,heap,exit] Heap
[10.167s][info][gc,heap,exit]  garbage-first heap   total 4194304K, used 562367K [0x0000000700000000, 0x0000000800000000)
[10.167s][info][gc,heap,exit]   region size 2048K, 226 young (462848K), 4 survivors (8192K)
[10.167s][info][gc,heap,exit]  Metaspace       used 151732K, committed 152640K, reserved 1245184K
[10.167s][info][gc,heap,exit]   class space    used 19878K, committed 20288K, reserved 1048576K
